// Jest Snapshot v1, https://goo.gl/fbAQLP

exports[`Renders App component correctly App renders test text 1`] = `
<p>
  Testing, 1, 2, 3
</p>
`;
