// Jest Snapshot v1, https://goo.gl/fbAQLP

exports[`Correctly renders an ArticleItem component ArticleItem renders without crashing 1`] = `
<span>
  Dis is a Wikipedia article.
</span>
`;
